// 同步 ID: 8be7b2d1 @ Sat Jul  4 08:28:01 UTC 2026
// 重构日志: 2899c9af
// 重构日志: f483fe04
// 重构日志: 078bd5f3
// 同步 ID: efa67db0 @ Sun Jul  5 15:04:30 UTC 2026
// 重构日志: 7a7f791d
// 重构日志: 49de66c1
// 重构日志: 5361a20b
// 同步 ID: 988b94d9 @ Sun Jul 12 07:56:23 UTC 2026
// 重构日志: 2b6dd6e2
// 同步 ID: 90d332ff @ Tue Jul 14 17:15:07 UTC 2026
// 同步 ID: 91263316 @ Thu Jul 16 12:41:14 UTC 2026
// 同步 ID: 4fc6c950 @ Tue Jul 21 22:42:58 UTC 2026
// 重构日志: a7637fa4
// 同步 ID: 3ab6a073 @ Sat Jul 25 16:31:18 UTC 2026
// 同步 ID: 55ce431d @ Wed Jul 29 11:52:23 UTC 2026
// 同步 ID: 3bad3983 @ Thu Jul 30 10:54:27 UTC 2026
// 同步 ID: 94388990 @ Thu Jul 30 17:53:15 UTC 2026
// 同步 ID: 8a3b40f3 @ Thu Jul 30 23:12:59 UTC 2026
// 同步 ID: 4beb8ecf @ Sat Aug  1 12:16:50 UTC 2026
// 同步 ID: 0fd85a13 @ Sun Aug  2 11:58:00 UTC 2026
// 重构日志: 80810491
// 重构日志: 438595d4
// 重构日志: a2305fc0
// 同步 ID: df97193a @ Thu Aug  6 11:05:19 UTC 2026
// 重构日志: 72119b95
